
> cinma-online@0.1.0 test
> vitest


[1m[46m RUN [49m[22m [36mv4.1.0 [39m[90mD:/cinma.online[39m

[vitest-pool]: Timeout terminating forks worker for test files D:/cinma.online/src/audit/components/ContentDeliveryAuditor.test.ts.
[vitest-pool]: Timeout terminating forks worker for test files D:/cinma.online/src/__tests__/Spinner.test.tsx.
[vitest-pool]: Failed to terminate forks worker for test files D:/cinma.online/src/__tests__/Spinner.test.tsx. Error: [vitest-pool-runner]: Timeout waiting for worker to respond
    at Timeout.<anonymous> (file:///D:/cinma.online/node_modules/vitest/dist/chunks/cli-api.DuT9iuvY.js:3035:58)
    at listOnTimeout (node:internal/timers:594:17)
    at processTimers (node:internal/timers:529:7)
[vitest-pool]: Timeout terminating forks worker for test files D:/cinma.online/src/__tests__/HomeBelowFoldSections.test.tsx.
Not implemented: Window's scrollTo() method
Not implemented: Window's scrollTo() method
Not implemented: HTMLMediaElement's pause() method
[31m⎯⎯⎯⎯⎯⎯[39m[1m[41m Unhandled Errors [49m[22m[31m⎯⎯⎯⎯⎯⎯[39m
[31m[1m
Vitest caught 1 unhandled error during the test run.
This might cause false positive tests. Resolve unhandled errors to make sure your tests are not affected.[22m[39m

[31m⎯⎯⎯⎯⎯⎯[39m[1m[41m Unhandled Error [49m[22m[31m⎯⎯⎯⎯⎯⎯⎯[39m
[31m[1mError[22m: [vitest-pool]: Failed to start forks worker for test files D:/cinma.online/src/__tests__/Input.test.tsx.[39m
[90m [2m❯[22m node_modules/vitest/dist/chunks/cli-api.DuT9iuvY.js:[2m3455:94[22m[39m
[90m [2m❯[22m runNextTicks node:internal/process/task_queues:[2m65:5[22m[39m
[90m [2m❯[22m listOnTimeout node:internal/timers:[2m555:9[22m[39m
[90m [2m❯[22m processTimers node:internal/timers:[2m529:7[22m[39m
[90m [2m❯[22m Pool.schedule node_modules/vitest/dist/chunks/cli-api.DuT9iuvY.js:[2m3455:5[22m[39m

[31m[1mCaused by: Error[22m: [vitest-pool-runner]: Timeout waiting for worker to respond[39m
[90m [2m❯[22m Timeout.<anonymous> node_modules/vitest/dist/chunks/cli-api.DuT9iuvY.js:[2m3035:58[22m[39m
[90m [2m❯[22m listOnTimeout node:internal/timers:[2m594:17[22m[39m
[90m [2m❯[22m processTimers node:internal/timers:[2m529:7[22m[39m

[31m⎯⎯⎯⎯⎯⎯⎯⎯⎯⎯⎯⎯⎯⎯⎯⎯⎯⎯⎯⎯⎯⎯⎯⎯⎯⎯⎯⎯⎯⎯[39m


[2m Test Files [22m [1m[32m19 passed[39m[22m[90m (19)[39m
[2m      Tests [22m [1m[32m193 passed[39m[22m[90m (193)[39m
[2m     Errors [22m [1m[31m1 error[39m[22m
[2m   Start at [22m 12:26:47
[2m   Duration [22m 146.32s[2m (transform 154.23s, setup 22.37s, import 215.48s, tests 18.10s, environment 311.91s)[22m

